// Jest Snapshot v1, https://goo.gl/fbAQLP

exports[`ArenaList renders without crashing 1`] = `
<View
  style={
    Object {
      "flex": 1,
    }
  }
>
  <RCTScrollView>
    <View>
      <View
        style={
          Object {
            "alignItems": "center",
            "display": "flex",
            "flexDirection": "row",
            "flexWrap": "wrap",
            "justifyContent": "center",
            "marginBottom": 30,
            "marginTop": 50,
            "padding": 10,
          }
        }
      >
        <View
          accessibilityComponentType={undefined}
          accessibilityLabel={undefined}
          accessibilityTraits={undefined}
          accessible={true}
          hitSlop={undefined}
          isTVSelectable={true}
          onLayout={undefined}
          onResponderGrant={[Function]}
          onResponderMove={[Function]}
          onResponderRelease={[Function]}
          onResponderTerminate={[Function]}
          onResponderTerminationRequest={[Function]}
          onStartShouldSetResponder={[Function]}
          style={
            Object {
              "alignItems": "center",
              "backgroundColor": "white",
              "borderRadius": 8,
              "borderStyle": "solid",
              "borderWidth": 0,
              "flexDirection": "column",
              "margin": 5,
              "opacity": 1,
            }
          }
          testID={undefined}
          tvParallaxProperties={undefined}
        >
          <Image
            source={
              Object {
                "uri": "http://www.clashapi.xyz/images/arenas/training-camp.png",
              }
            }
            style={
              Object {
                "height": 179.66666666666666,
                "width": 172.66666666666666,
              }
            }
          />
          <Text
            accessible={true}
            allowFontScaling={true}
            ellipsizeMode="tail"
            style={
              Object {
                "fontSize": 15,
                "padding": 10,
              }
            }
          >
            Training Camp
          </Text>
        </View>
        <View
          accessibilityComponentType={undefined}
          accessibilityLabel={undefined}
          accessibilityTraits={undefined}
          accessible={true}
          hitSlop={undefined}
          isTVSelectable={true}
          onLayout={undefined}
          onResponderGrant={[Function]}
          onResponderMove={[Function]}
          onResponderRelease={[Function]}
          onResponderTerminate={[Function]}
          onResponderTerminationRequest={[Function]}
          onStartShouldSetResponder={[Function]}
          style={
            Object {
              "alignItems": "center",
              "backgroundColor": "white",
              "borderRadius": 8,
              "borderStyle": "solid",
              "borderWidth": 0,
              "flexDirection": "column",
              "margin": 5,
              "opacity": 1,
            }
          }
          testID={undefined}
          tvParallaxProperties={undefined}
        >
          <Image
            source={
              Object {
                "uri": "http://www.clashapi.xyz/images/arenas/goblin-stadium.png",
              }
            }
            style={
              Object {
                "height": 179.66666666666666,
                "width": 172.66666666666666,
              }
            }
          />
          <Text
            accessible={true}
            allowFontScaling={true}
            ellipsizeMode="tail"
            style={
              Object {
                "fontSize": 15,
                "padding": 10,
              }
            }
          >
            Goblin Stadium
          </Text>
        </View>
        <View
          accessibilityComponentType={undefined}
          accessibilityLabel={undefined}
          accessibilityTraits={undefined}
          accessible={true}
          hitSlop={undefined}
          isTVSelectable={true}
          onLayout={undefined}
          onResponderGrant={[Function]}
          onResponderMove={[Function]}
          onResponderRelease={[Function]}
          onResponderTerminate={[Function]}
          onResponderTerminationRequest={[Function]}
          onStartShouldSetResponder={[Function]}
          style={
            Object {
              "alignItems": "center",
              "backgroundColor": "white",
              "borderRadius": 8,
              "borderStyle": "solid",
              "borderWidth": 0,
              "flexDirection": "column",
              "margin": 5,
              "opacity": 1,
            }
          }
          testID={undefined}
          tvParallaxProperties={undefined}
        >
          <Image
            source={
              Object {
                "uri": "http://www.clashapi.xyz/images/arenas/bone-pit.png",
              }
            }
            style={
              Object {
                "height": 179.66666666666666,
                "width": 172.66666666666666,
              }
            }
          />
          <Text
            accessible={true}
            allowFontScaling={true}
            ellipsizeMode="tail"
            style={
              Object {
                "fontSize": 15,
                "padding": 10,
              }
            }
          >
            Bone Pit
          </Text>
        </View>
        <View
          accessibilityComponentType={undefined}
          accessibilityLabel={undefined}
          accessibilityTraits={undefined}
          accessible={true}
          hitSlop={undefined}
          isTVSelectable={true}
          onLayout={undefined}
          onResponderGrant={[Function]}
          onResponderMove={[Function]}
          onResponderRelease={[Function]}
          onResponderTerminate={[Function]}
          onResponderTerminationRequest={[Function]}
          onStartShouldSetResponder={[Function]}
          style={
            Object {
              "alignItems": "center",
              "backgroundColor": "white",
              "borderRadius": 8,
              "borderStyle": "solid",
              "borderWidth": 0,
              "flexDirection": "column",
              "margin": 5,
              "opacity": 1,
            }
          }
          testID={undefined}
          tvParallaxProperties={undefined}
        >
          <Image
            source={
              Object {
                "uri": "http://www.clashapi.xyz/images/arenas/barbarian-bowl.png",
              }
            }
            style={
              Object {
                "height": 179.66666666666666,
                "width": 172.66666666666666,
              }
            }
          />
          <Text
            accessible={true}
            allowFontScaling={true}
            ellipsizeMode="tail"
            style={
              Object {
                "fontSize": 15,
                "padding": 10,
              }
            }
          >
            Barbarian Bowl
          </Text>
        </View>
      </View>
    </View>
  </RCTScrollView>
</View>
`;
