// Jest Snapshot v1, https://goo.gl/fbAQLP

exports[`Footer render without crashing 1`] = `
<View
  style={
    Object {
      "display": "flex",
      "flexDirection": "row",
      "justifyContent": "flex-end",
      "margin": 5,
      "padding": 3,
    }
  }
>
  <Text
    accessible={true}
    allowFontScaling={true}
    ellipsizeMode="tail"
    style={
      Object {
        "fontSize": 7,
      }
    }
  >
    © 2017, クラロワ大好きです。
  </Text>
</View>
`;
